// Jest Snapshot v1, https://goo.gl/fbAQLP

exports[`day 05 parseInput: parses input into list of coordinate segments 1`] = `
Object {
  "grid": Array [
    Array [
      0,
      0,
      0,
      0,
      0,
      0,
      0,
      0,
      0,
      0,
    ],
    Array [
      0,
      0,
      0,
      0,
      0,
      0,
      0,
      0,
      0,
      0,
    ],
    Array [
      0,
      0,
      0,
      0,
      0,
      0,
      0,
      0,
      0,
      0,
    ],
    Array [
      0,
      0,
      0,
      0,
      0,
      0,
      0,
      0,
      0,
      0,
    ],
    Array [
      0,
      0,
      0,
      0,
      0,
      0,
      0,
      0,
      0,
      0,
    ],
    Array [
      0,
      0,
      0,
      0,
      0,
      0,
      0,
      0,
      0,
      0,
    ],
    Array [
      0,
      0,
      0,
      0,
      0,
      0,
      0,
      0,
      0,
      0,
    ],
    Array [
      0,
      0,
      0,
      0,
      0,
      0,
      0,
      0,
      0,
      0,
    ],
    Array [
      0,
      0,
      0,
      0,
      0,
      0,
      0,
      0,
      0,
      0,
    ],
    Array [
      0,
      0,
      0,
      0,
      0,
      0,
      0,
      0,
      0,
      0,
    ],
  ],
  "lineSegments": Array [
    Array [
      Array [
        0,
        9,
      ],
      Array [
        5,
        9,
      ],
    ],
    Array [
      Array [
        8,
        0,
      ],
      Array [
        0,
        8,
      ],
    ],
    Array [
      Array [
        9,
        4,
      ],
      Array [
        3,
        4,
      ],
    ],
    Array [
      Array [
        2,
        2,
      ],
      Array [
        2,
        1,
      ],
    ],
    Array [
      Array [
        7,
        0,
      ],
      Array [
        7,
        4,
      ],
    ],
    Array [
      Array [
        6,
        4,
      ],
      Array [
        2,
        0,
      ],
    ],
    Array [
      Array [
        0,
        9,
      ],
      Array [
        2,
        9,
      ],
    ],
    Array [
      Array [
        3,
        4,
      ],
      Array [
        1,
        4,
      ],
    ],
    Array [
      Array [
        0,
        0,
      ],
      Array [
        8,
        8,
      ],
    ],
    Array [
      Array [
        5,
        5,
      ],
      Array [
        8,
        2,
      ],
    ],
  ],
}
`;
